This is a test file created by the agent client
Timestamp: 2025-04-10T14:28:32.852Z
